FILE SYSTEM INFORMATION
--------------------------------------------
File System Type: Ext4
Volume Name: 
Volume ID: 23d41b893ffffaabe46a59f834ae6b8

Last Written at: 2020-11-08 04:01:24 (EST)
Last Checked at: 2020-11-06 10:40:27 (EST)

Last Mounted at: 2020-11-08 04:01:25 (EST)
Unmounted properly
Last mounted on: /

Source OS: Linux
Dynamic Structure
Compat Features: Journal, Ext Attributes, Resize Inode, Dir Index
InCompat Features: Filetype, Extents, 64bit, Flexible Block Groups, 
Read Only Compat Features: Sparse Super, Large File, Huge File, Extra Inode Size

Journal ID: 00
Journal Inode: 8

METADATA INFORMATION
--------------------------------------------
Inode Range: 1 - 622593
Root Directory: 2
Free Inodes: 448234
Inode Size: 256

CONTENT INFORMATION
--------------------------------------------
Block Groups Per Flex Group: 16
Block Range: 0 - 2489599
Block Size: 4096
Free Blocks: 870714

BLOCK GROUP INFORMATION
--------------------------------------------
Number of Block Groups: 76
Inodes per group: 8192
Blocks per group: 32768

Group: 0:
  Block Group Flags: [INODE_ZEROED, ]
  Inode Range: 1 - 8192
  Block Range: 0 - 32767
  Layout:
    Super Block: 0 - 0
    Group Descriptor Table: 1 - 2
    Group Descriptor Growth Blocks: 3 - 1026
    Data bitmap: 1027 - 1027
    Inode bitmap: 1043 - 1043
    Inode Table: 1059 - 1570
    Data Blocks: 9251 - 32767
  Free Inodes: 0 (0%)
  Free Blocks: 16779 (51%)
  Total Directories: 914
  Stored Checksum: 0x754B

Group: 1:
  Block Group Flags: [INODE_ZEROED, ]
  Inode Range: 8193 - 16384
  Block Range: 32768 - 65535
  Layout:
    Super Block: 32768 - 32768
    Group Descriptor Table: 32769 - 32770
    Group Descriptor Growth Blocks: 32771 - 33794
    Data bitmap: 1028 - 1028
    Inode bitmap: 1044 - 1044
    Inode Table: 1571 - 2082
    Data Blocks: 33795 - 65535
  Free Inodes: 5611 (68%)
  Free Blocks: 343 (1%)
  Total Directories: 1690
  Stored Checksum: 0x8BD3

Group: 2:
  Block Group Flags: [INODE_ZEROED, ]
  Inode Range: 16385 - 24576
  Block Range: 65536 - 98303
  Layout:
    Data bitmap: 1029 - 1029
    Inode bitmap: 1045 - 1045
    Inode Table: 2083 - 2594
    Data Blocks: 65536 - 98303
  Free Inodes: 8187 (99%)
  Free Blocks: 0 (0%)
  Total Directories: 5
  Stored Checksum: 0x8029

Group: 3:
  Block Group Flags: [INODE_UNINIT, INODE_ZEROED, ]
  Inode Range: 24577 - 32768
  Block Range: 98304 - 131071
  Layout:
    Super Block: 98304 - 98304
    Group Descriptor Table: 98305 - 98306
    Group Descriptor Growth Blocks: 98307 - 99330
    Data bitmap: 1030 - 1030
    Inode bitmap: 1046 - 1046
    Inode Table: 2595 - 3106
    Data Blocks: 99331 - 131071
  Free Inodes: 8192 (100%)
  Free Blocks: 311 (0%)
  Total Directories: 0
  Stored Checksum: 0x1845

Group: 4:
  Block Group Flags: [INODE_UNINIT, INODE_ZEROED, ]
  Inode Range: 32769 - 40960
  Block Range: 131072 - 163839
  Layout:
    Data bitmap: 1031 - 1031
    Inode bitmap: 1047 - 1047
    Inode Table: 3107 - 3618
    Data Blocks: 131072 - 163839
  Free Inodes: 8192 (100%)
  Free Blocks: 4188 (12%)
  Total Directories: 0
  Stored Checksum: 0x1EF0

Group: 5:
  Block Group Flags: [INODE_UNINIT, INODE_ZEROED, ]
  Inode Range: 40961 - 49152
  Block Range: 163840 - 196607
  Layout:
    Super Block: 163840 - 163840
    Group Descriptor Table: 163841 - 163842
    Group Descriptor Growth Blocks: 163843 - 164866
    Data bitmap: 1032 - 1032
    Inode bitmap: 1048 - 1048
    Inode Table: 3619 - 4130
    Data Blocks: 164867 - 196607
  Free Inodes: 8192 (100%)
  Free Blocks: 18642 (56%)
  Total Directories: 0
  Stored Checksum: 0xE47A

Group: 6:
  Block Group Flags: [INODE_UNINIT, INODE_ZEROED, ]
  Inode Range: 49153 - 57344
  Block Range: 196608 - 229375
  Layout:
    Data bitmap: 1033 - 1033
    Inode bitmap: 1049 - 1049
    Inode Table: 4131 - 4642
    Data Blocks: 196608 - 229375
  Free Inodes: 8192 (100%)
  Free Blocks: 12418 (37%)
  Total Directories: 0
  Stored Checksum: 0xA3FC

Group: 7:
  Block Group Flags: [INODE_UNINIT, INODE_ZEROED, ]
  Inode Range: 57345 - 65536
  Block Range: 229376 - 262143
  Layout:
    Super Block: 229376 - 229376
    Group Descriptor Table: 229377 - 229378
    Group Descriptor Growth Blocks: 229379 - 230402
    Data bitmap: 1034 - 1034
    Inode bitmap: 1050 - 1050
    Inode Table: 4643 - 5154
    Data Blocks: 230403 - 262143
  Free Inodes: 8192 (100%)
  Free Blocks: 2439 (7%)
  Total Directories: 0
  Stored Checksum: 0x7625

Group: 8:
  Block Group Flags: [INODE_UNINIT, INODE_ZEROED, ]
  Inode Range: 65537 - 73728
  Block Range: 262144 - 294911
  Layout:
    Data bitmap: 1035 - 1035
    Inode bitmap: 1051 - 1051
    Inode Table: 5155 - 5666
    Data Blocks: 262144 - 294911
  Free Inodes: 8192 (100%)
  Free Blocks: 6911 (21%)
  Total Directories: 0
  Stored Checksum: 0x596A

Group: 9:
  Block Group Flags: [INODE_UNINIT, INODE_ZEROED, ]
  Inode Range: 73729 - 81920
  Block Range: 294912 - 327679
  Layout:
    Super Block: 294912 - 294912
    Group Descriptor Table: 294913 - 294914
    Group Descriptor Growth Blocks: 294915 - 295938
    Data bitmap: 1036 - 1036
    Inode bitmap: 1052 - 1052
    Inode Table: 5667 - 6178
    Data Blocks: 295939 - 327679
  Free Inodes: 8192 (100%)
  Free Blocks: 30156 (92%)
  Total Directories: 0
  Stored Checksum: 0xD597

Group: 10:
  Block Group Flags: [INODE_UNINIT, INODE_ZEROED, ]
  Inode Range: 81921 - 90112
  Block Range: 327680 - 360447
  Layout:
    Data bitmap: 1037 - 1037
    Inode bitmap: 1053 - 1053
    Inode Table: 6179 - 6690
    Data Blocks: 327680 - 360447
  Free Inodes: 8192 (100%)
  Free Blocks: 23792 (72%)
  Total Directories: 0
  Stored Checksum: 0x8528

Group: 11:
  Block Group Flags: [INODE_UNINIT, INODE_ZEROED, ]
  Inode Range: 90113 - 98304
  Block Range: 360448 - 393215
  Layout:
    Data bitmap: 1038 - 1038
    Inode bitmap: 1054 - 1054
    Inode Table: 6691 - 7202
    Data Blocks: 360448 - 393215
  Free Inodes: 8192 (100%)
  Free Blocks: 2225 (6%)
  Total Directories: 0
  Stored Checksum: 0xE877

Group: 12:
  Block Group Flags: [INODE_UNINIT, INODE_ZEROED, ]
  Inode Range: 98305 - 106496
  Block Range: 393216 - 425983
  Layout:
    Data bitmap: 1039 - 1039
    Inode bitmap: 1055 - 1055
    Inode Table: 7203 - 7714
    Data Blocks: 393216 - 425983
  Free Inodes: 8192 (100%)
  Free Blocks: 379 (1%)
  Total Directories: 0
  Stored Checksum: 0x5158

Group: 13:
  Block Group Flags: [INODE_UNINIT, INODE_ZEROED, ]
  Inode Range: 106497 - 114688
  Block Range: 425984 - 458751
  Layout:
    Data bitmap: 1040 - 1040
    Inode bitmap: 1056 - 1056
    Inode Table: 7715 - 8226
    Data Blocks: 425984 - 458751
  Free Inodes: 8192 (100%)
  Free Blocks: 8981 (27%)
  Total Directories: 0
  Stored Checksum: 0x41DD

Group: 14:
  Block Group Flags: [INODE_UNINIT, INODE_ZEROED, ]
  Inode Range: 114689 - 122880
  Block Range: 458752 - 491519
  Layout:
    Data bitmap: 1041 - 1041
    Inode bitmap: 1057 - 1057
    Inode Table: 8227 - 8738
    Data Blocks: 458752 - 491519
  Free Inodes: 8192 (100%)
  Free Blocks: 12012 (36%)
  Total Directories: 0
  Stored Checksum: 0x130F

Group: 15:
  Block Group Flags: [INODE_UNINIT, INODE_ZEROED, ]
  Inode Range: 122881 - 131072
  Block Range: 491520 - 524287
  Layout:
    Data bitmap: 1042 - 1042
    Inode bitmap: 1058 - 1058
    Inode Table: 8739 - 9250
    Data Blocks: 491520 - 524287
  Free Inodes: 8192 (100%)
  Free Blocks: 6862 (20%)
  Total Directories: 0
  Stored Checksum: 0x36E7

Group: 16:
  Block Group Flags: [INODE_ZEROED, ]
  Inode Range: 131073 - 139264
  Block Range: 524288 - 557055
  Layout:
    Data bitmap: 524288 - 524288
    Inode bitmap: 524304 - 524304
    Inode Table: 524320 - 524831
    Data Blocks: 532512 - 557055
  Free Inodes: 2098 (25%)
  Free Blocks: 17955 (54%)
  Total Directories: 428
  Stored Checksum: 0xB28D

Group: 17:
  Block Group Flags: [INODE_ZEROED, ]
  Inode Range: 139265 - 147456
  Block Range: 557056 - 589823
  Layout:
    Data bitmap: 524289 - 524289
    Inode bitmap: 524305 - 524305
    Inode Table: 524832 - 525343
    Data Blocks: 557056 - 589823
  Free Inodes: 3377 (41%)
  Free Blocks: 8749 (26%)
  Total Directories: 242
  Stored Checksum: 0x3D62

Group: 18:
  Block Group Flags: [INODE_ZEROED, ]
  Inode Range: 147457 - 155648
  Block Range: 589824 - 622591
  Layout:
    Data bitmap: 524290 - 524290
    Inode bitmap: 524306 - 524306
    Inode Table: 525344 - 525855
    Data Blocks: 589824 - 622591
  Free Inodes: 0 (0%)
  Free Blocks: 3817 (11%)
  Total Directories: 481
  Stored Checksum: 0xBB8C

Group: 19:
  Block Group Flags: [INODE_ZEROED, ]
  Inode Range: 155649 - 163840
  Block Range: 622592 - 655359
  Layout:
    Data bitmap: 524291 - 524291
    Inode bitmap: 524307 - 524307
    Inode Table: 525856 - 526367
    Data Blocks: 622592 - 655359
  Free Inodes: 0 (0%)
  Free Blocks: 0 (0%)
  Total Directories: 1495
  Stored Checksum: 0x6C6C

Group: 20:
  Block Group Flags: [INODE_ZEROED, ]
  Inode Range: 163841 - 172032
  Block Range: 655360 - 688127
  Layout:
    Data bitmap: 524292 - 524292
    Inode bitmap: 524308 - 524308
    Inode Table: 526368 - 526879
    Data Blocks: 655360 - 688127
  Free Inodes: 5012 (61%)
  Free Blocks: 0 (0%)
  Total Directories: 2235
  Stored Checksum: 0xA9C6

Group: 21:
  Block Group Flags: [INODE_ZEROED, ]
  Inode Range: 172033 - 180224
  Block Range: 688128 - 720895
  Layout:
    Data bitmap: 524293 - 524293
    Inode bitmap: 524309 - 524309
    Inode Table: 526880 - 527391
    Data Blocks: 688128 - 720895
  Free Inodes: 7833 (95%)
  Free Blocks: 0 (0%)
  Total Directories: 359
  Stored Checksum: 0x7B49

Group: 22:
  Block Group Flags: [INODE_UNINIT, INODE_ZEROED, ]
  Inode Range: 180225 - 188416
  Block Range: 720896 - 753663
  Layout:
    Data bitmap: 524294 - 524294
    Inode bitmap: 524310 - 524310
    Inode Table: 527392 - 527903
    Data Blocks: 720896 - 753663
  Free Inodes: 8192 (100%)
  Free Blocks: 3909 (11%)
  Total Directories: 0
  Stored Checksum: 0xB77C

Group: 23:
  Block Group Flags: [INODE_UNINIT, INODE_ZEROED, ]
  Inode Range: 188417 - 196608
  Block Range: 753664 - 786431
  Layout:
    Data bitmap: 524295 - 524295
    Inode bitmap: 524311 - 524311
    Inode Table: 527904 - 528415
    Data Blocks: 753664 - 786431
  Free Inodes: 8192 (100%)
  Free Blocks: 824 (2%)
  Total Directories: 0
  Stored Checksum: 0x33C1

Group: 24:
  Block Group Flags: [INODE_UNINIT, INODE_ZEROED, ]
  Inode Range: 196609 - 204800
  Block Range: 786432 - 819199
  Layout:
    Data bitmap: 524296 - 524296
    Inode bitmap: 524312 - 524312
    Inode Table: 528416 - 528927
    Data Blocks: 786432 - 819199
  Free Inodes: 8192 (100%)
  Free Blocks: 9627 (29%)
  Total Directories: 0
  Stored Checksum: 0x8A08

Group: 25:
  Block Group Flags: [INODE_UNINIT, INODE_ZEROED, ]
  Inode Range: 204801 - 212992
  Block Range: 819200 - 851967
  Layout:
    Super Block: 819200 - 819200
    Group Descriptor Table: 819201 - 819202
    Group Descriptor Growth Blocks: 819203 - 820226
    Data bitmap: 524297 - 524297
    Inode bitmap: 524313 - 524313
    Inode Table: 528928 - 529439
    Data Blocks: 820227 - 851967
  Free Inodes: 8192 (100%)
  Free Blocks: 7910 (24%)
  Total Directories: 0
  Stored Checksum: 0xFE5E

Group: 26:
  Block Group Flags: [INODE_UNINIT, INODE_ZEROED, ]
  Inode Range: 212993 - 221184
  Block Range: 851968 - 884735
  Layout:
    Data bitmap: 524298 - 524298
    Inode bitmap: 524314 - 524314
    Inode Table: 529440 - 529951
    Data Blocks: 851968 - 884735
  Free Inodes: 8192 (100%)
  Free Blocks: 12818 (39%)
  Total Directories: 0
  Stored Checksum: 0x53F5

Group: 27:
  Block Group Flags: [INODE_UNINIT, INODE_ZEROED, ]
  Inode Range: 221185 - 229376
  Block Range: 884736 - 917503
  Layout:
    Super Block: 884736 - 884736
    Group Descriptor Table: 884737 - 884738
    Group Descriptor Growth Blocks: 884739 - 885762
    Data bitmap: 524299 - 524299
    Inode bitmap: 524315 - 524315
    Inode Table: 529952 - 530463
    Data Blocks: 885763 - 917503
  Free Inodes: 8192 (100%)
  Free Blocks: 2895 (8%)
  Total Directories: 0
  Stored Checksum: 0x4D25

Group: 28:
  Block Group Flags: [INODE_UNINIT, INODE_ZEROED, ]
  Inode Range: 229377 - 237568
  Block Range: 917504 - 950271
  Layout:
    Data bitmap: 524300 - 524300
    Inode bitmap: 524316 - 524316
    Inode Table: 530464 - 530975
    Data Blocks: 917504 - 950271
  Free Inodes: 8192 (100%)
  Free Blocks: 5276 (16%)
  Total Directories: 0
  Stored Checksum: 0xF5D9

Group: 29:
  Block Group Flags: [INODE_UNINIT, INODE_ZEROED, ]
  Inode Range: 237569 - 245760
  Block Range: 950272 - 983039
  Layout:
    Data bitmap: 524301 - 524301
    Inode bitmap: 524317 - 524317
    Inode Table: 530976 - 531487
    Data Blocks: 950272 - 983039
  Free Inodes: 8192 (100%)
  Free Blocks: 1208 (3%)
  Total Directories: 0
  Stored Checksum: 0x3424

Group: 30:
  Block Group Flags: [INODE_UNINIT, INODE_ZEROED, ]
  Inode Range: 245761 - 253952
  Block Range: 983040 - 1015807
  Layout:
    Data bitmap: 524302 - 524302
    Inode bitmap: 524318 - 524318
    Inode Table: 531488 - 531999
    Data Blocks: 983040 - 1015807
  Free Inodes: 8192 (100%)
  Free Blocks: 2585 (7%)
  Total Directories: 0
  Stored Checksum: 0x77DD

Group: 31:
  Block Group Flags: [INODE_UNINIT, INODE_ZEROED, ]
  Inode Range: 253953 - 262144
  Block Range: 1015808 - 1048575
  Layout:
    Data bitmap: 524303 - 524303
    Inode bitmap: 524319 - 524319
    Inode Table: 532000 - 532511
    Data Blocks: 1015808 - 1048575
  Free Inodes: 8192 (100%)
  Free Blocks: 263 (0%)
  Total Directories: 0
  Stored Checksum: 0xDFEE

Group: 32:
  Block Group Flags: [INODE_ZEROED, ]
  Inode Range: 262145 - 270336
  Block Range: 1048576 - 1081343
  Layout:
    Data bitmap: 1048576 - 1048576
    Inode bitmap: 1048592 - 1048592
    Inode Table: 1048608 - 1049119
    Data Blocks: 1056800 - 1081343
  Free Inodes: 13 (0%)
  Free Blocks: 15951 (48%)
  Total Directories: 1284
  Stored Checksum: 0xAC06

Group: 33:
  Block Group Flags: [INODE_ZEROED, ]
  Inode Range: 270337 - 278528
  Block Range: 1081344 - 1114111
  Layout:
    Data bitmap: 1048577 - 1048577
    Inode bitmap: 1048593 - 1048593
    Inode Table: 1049120 - 1049631
    Data Blocks: 1081344 - 1114111
  Free Inodes: 0 (0%)
  Free Blocks: 431 (1%)
  Total Directories: 582
  Stored Checksum: 0x8448

Group: 34:
  Block Group Flags: [INODE_ZEROED, ]
  Inode Range: 278529 - 286720
  Block Range: 1114112 - 1146879
  Layout:
    Data bitmap: 1048578 - 1048578
    Inode bitmap: 1048594 - 1048594
    Inode Table: 1049632 - 1050143
    Data Blocks: 1114112 - 1146879
  Free Inodes: 561 (6%)
  Free Blocks: 132 (0%)
  Total Directories: 653
  Stored Checksum: 0x56A2

Group: 35:
  Block Group Flags: [INODE_ZEROED, ]
  Inode Range: 286721 - 294912
  Block Range: 1146880 - 1179647
  Layout:
    Data bitmap: 1048579 - 1048579
    Inode bitmap: 1048595 - 1048595
    Inode Table: 1050144 - 1050655
    Data Blocks: 1146880 - 1179647
  Free Inodes: 6360 (77%)
  Free Blocks: 5889 (17%)
  Total Directories: 270
  Stored Checksum: 0xC8BE

Group: 36:
  Block Group Flags: [INODE_ZEROED, ]
  Inode Range: 294913 - 303104
  Block Range: 1179648 - 1212415
  Layout:
    Data bitmap: 1048580 - 1048580
    Inode bitmap: 1048596 - 1048596
    Inode Table: 1050656 - 1051167
    Data Blocks: 1179648 - 1212415
  Free Inodes: 1495 (18%)
  Free Blocks: 9834 (30%)
  Total Directories: 1131
  Stored Checksum: 0x55D3

Group: 37:
  Block Group Flags: [INODE_ZEROED, ]
  Inode Range: 303105 - 311296
  Block Range: 1212416 - 1245183
  Layout:
    Data bitmap: 1048581 - 1048581
    Inode bitmap: 1048597 - 1048597
    Inode Table: 1051168 - 1051679
    Data Blocks: 1212416 - 1245183
  Free Inodes: 5662 (69%)
  Free Blocks: 8984 (27%)
  Total Directories: 353
  Stored Checksum: 0x0F76

Group: 38:
  Block Group Flags: [INODE_ZEROED, ]
  Inode Range: 311297 - 319488
  Block Range: 1245184 - 1277951
  Layout:
    Data bitmap: 1048582 - 1048582
    Inode bitmap: 1048598 - 1048598
    Inode Table: 1051680 - 1052191
    Data Blocks: 1245184 - 1277951
  Free Inodes: 7269 (88%)
  Free Blocks: 93 (0%)
  Total Directories: 923
  Stored Checksum: 0x333B

Group: 39:
  Block Group Flags: [INODE_UNINIT, INODE_ZEROED, ]
  Inode Range: 319489 - 327680
  Block Range: 1277952 - 1310719
  Layout:
    Data bitmap: 1048583 - 1048583
    Inode bitmap: 1048599 - 1048599
    Inode Table: 1052192 - 1052703
    Data Blocks: 1277952 - 1310719
  Free Inodes: 8192 (100%)
  Free Blocks: 1092 (3%)
  Total Directories: 0
  Stored Checksum: 0xB37C

Group: 40:
  Block Group Flags: [INODE_UNINIT, INODE_ZEROED, ]
  Inode Range: 327681 - 335872
  Block Range: 1310720 - 1343487
  Layout:
    Data bitmap: 1048584 - 1048584
    Inode bitmap: 1048600 - 1048600
    Inode Table: 1052704 - 1053215
    Data Blocks: 1310720 - 1343487
  Free Inodes: 8192 (100%)
  Free Blocks: 3344 (10%)
  Total Directories: 0
  Stored Checksum: 0x376D

Group: 41:
  Block Group Flags: [INODE_UNINIT, INODE_ZEROED, ]
  Inode Range: 335873 - 344064
  Block Range: 1343488 - 1376255
  Layout:
    Data bitmap: 1048585 - 1048585
    Inode bitmap: 1048601 - 1048601
    Inode Table: 1053216 - 1053727
    Data Blocks: 1343488 - 1376255
  Free Inodes: 8192 (100%)
  Free Blocks: 8135 (24%)
  Total Directories: 0
  Stored Checksum: 0x77AC

Group: 42:
  Block Group Flags: [INODE_UNINIT, INODE_ZEROED, ]
  Inode Range: 344065 - 352256
  Block Range: 1376256 - 1409023
  Layout:
    Data bitmap: 1048586 - 1048586
    Inode bitmap: 1048602 - 1048602
    Inode Table: 1053728 - 1054239
    Data Blocks: 1376256 - 1409023
  Free Inodes: 8192 (100%)
  Free Blocks: 24619 (75%)
  Total Directories: 0
  Stored Checksum: 0x5E15

Group: 43:
  Block Group Flags: [INODE_UNINIT, INODE_ZEROED, ]
  Inode Range: 352257 - 360448
  Block Range: 1409024 - 1441791
  Layout:
    Data bitmap: 1048587 - 1048587
    Inode bitmap: 1048603 - 1048603
    Inode Table: 1054240 - 1054751
    Data Blocks: 1409024 - 1441791
  Free Inodes: 8192 (100%)
  Free Blocks: 6666 (20%)
  Total Directories: 0
  Stored Checksum: 0x5D02

Group: 44:
  Block Group Flags: [INODE_UNINIT, INODE_ZEROED, ]
  Inode Range: 360449 - 368640
  Block Range: 1441792 - 1474559
  Layout:
    Data bitmap: 1048588 - 1048588
    Inode bitmap: 1048604 - 1048604
    Inode Table: 1054752 - 1055263
    Data Blocks: 1441792 - 1474559
  Free Inodes: 8192 (100%)
  Free Blocks: 4718 (14%)
  Total Directories: 0
  Stored Checksum: 0x49A5

Group: 45:
  Block Group Flags: [INODE_UNINIT, INODE_ZEROED, ]
  Inode Range: 368641 - 376832
  Block Range: 1474560 - 1507327
  Layout:
    Data bitmap: 1048589 - 1048589
    Inode bitmap: 1048605 - 1048605
    Inode Table: 1055264 - 1055775
    Data Blocks: 1474560 - 1507327
  Free Inodes: 8192 (100%)
  Free Blocks: 4861 (14%)
  Total Directories: 0
  Stored Checksum: 0x4FE2

Group: 46:
  Block Group Flags: [INODE_UNINIT, INODE_ZEROED, ]
  Inode Range: 376833 - 385024
  Block Range: 1507328 - 1540095
  Layout:
    Data bitmap: 1048590 - 1048590
    Inode bitmap: 1048606 - 1048606
    Inode Table: 1055776 - 1056287
    Data Blocks: 1507328 - 1540095
  Free Inodes: 8192 (100%)
  Free Blocks: 5455 (16%)
  Total Directories: 0
  Stored Checksum: 0x94C5

Group: 47:
  Block Group Flags: [INODE_UNINIT, INODE_ZEROED, ]
  Inode Range: 385025 - 393216
  Block Range: 1540096 - 1572863
  Layout:
    Data bitmap: 1048591 - 1048591
    Inode bitmap: 1048607 - 1048607
    Inode Table: 1056288 - 1056799
    Data Blocks: 1540096 - 1572863
  Free Inodes: 8192 (100%)
  Free Blocks: 5461 (16%)
  Total Directories: 0
  Stored Checksum: 0x482E

Group: 48:
  Block Group Flags: [INODE_ZEROED, ]
  Inode Range: 393217 - 401408
  Block Range: 1572864 - 1605631
  Layout:
    Data bitmap: 1572864 - 1572864
    Inode bitmap: 1572880 - 1572880
    Inode Table: 1572896 - 1573407
    Data Blocks: 1581088 - 1605631
  Free Inodes: 4 (0%)
  Free Blocks: 18308 (55%)
  Total Directories: 1093
  Stored Checksum: 0x10BB

Group: 49:
  Block Group Flags: [INODE_ZEROED, ]
  Inode Range: 401409 - 409600
  Block Range: 1605632 - 1638399
  Layout:
    Super Block: 1605632 - 1605632
    Group Descriptor Table: 1605633 - 1605634
    Group Descriptor Growth Blocks: 1605635 - 1606658
    Data bitmap: 1572865 - 1572865
    Inode bitmap: 1572881 - 1572881
    Inode Table: 1573408 - 1573919
    Data Blocks: 1606659 - 1638399
  Free Inodes: 0 (0%)
  Free Blocks: 0 (0%)
  Total Directories: 778
  Stored Checksum: 0x6956

Group: 50:
  Block Group Flags: [INODE_ZEROED, ]
  Inode Range: 409601 - 417792
  Block Range: 1638400 - 1671167
  Layout:
    Data bitmap: 1572866 - 1572866
    Inode bitmap: 1572882 - 1572882
    Inode Table: 1573920 - 1574431
    Data Blocks: 1638400 - 1671167
  Free Inodes: 0 (0%)
  Free Blocks: 8289 (25%)
  Total Directories: 355
  Stored Checksum: 0x127C

Group: 51:
  Block Group Flags: [INODE_ZEROED, ]
  Inode Range: 417793 - 425984
  Block Range: 1671168 - 1703935
  Layout:
    Data bitmap: 1572867 - 1572867
    Inode bitmap: 1572883 - 1572883
    Inode Table: 1574432 - 1574943
    Data Blocks: 1671168 - 1703935
  Free Inodes: 0 (0%)
  Free Blocks: 3819 (11%)
  Total Directories: 265
  Stored Checksum: 0xCD7F

Group: 52:
  Block Group Flags: [INODE_ZEROED, ]
  Inode Range: 425985 - 434176
  Block Range: 1703936 - 1736703
  Layout:
    Data bitmap: 1572868 - 1572868
    Inode bitmap: 1572884 - 1572884
    Inode Table: 1574944 - 1575455
    Data Blocks: 1703936 - 1736703
  Free Inodes: 0 (0%)
  Free Blocks: 1496 (4%)
  Total Directories: 174
  Stored Checksum: 0x43D0

Group: 53:
  Block Group Flags: [INODE_ZEROED, ]
  Inode Range: 434177 - 442368
  Block Range: 1736704 - 1769471
  Layout:
    Data bitmap: 1572869 - 1572869
    Inode bitmap: 1572885 - 1572885
    Inode Table: 1575456 - 1575967
    Data Blocks: 1736704 - 1769471
  Free Inodes: 367 (4%)
  Free Blocks: 16563 (50%)
  Total Directories: 1092
  Stored Checksum: 0x01A2

Group: 54:
  Block Group Flags: [INODE_ZEROED, ]
  Inode Range: 442369 - 450560
  Block Range: 1769472 - 1802239
  Layout:
    Data bitmap: 1572870 - 1572870
    Inode bitmap: 1572886 - 1572886
    Inode Table: 1575968 - 1576479
    Data Blocks: 1769472 - 1802239
  Free Inodes: 1756 (21%)
  Free Blocks: 9907 (30%)
  Total Directories: 1191
  Stored Checksum: 0x4428

Group: 55:
  Block Group Flags: [INODE_ZEROED, ]
  Inode Range: 450561 - 458752
  Block Range: 1802240 - 1835007
  Layout:
    Data bitmap: 1572871 - 1572871
    Inode bitmap: 1572887 - 1572887
    Inode Table: 1576480 - 1576991
    Data Blocks: 1802240 - 1835007
  Free Inodes: 7958 (97%)
  Free Blocks: 4062 (12%)
  Total Directories: 234
  Stored Checksum: 0xE441

Group: 56:
  Block Group Flags: [INODE_UNINIT, INODE_ZEROED, ]
  Inode Range: 458753 - 466944
  Block Range: 1835008 - 1867775
  Layout:
    Data bitmap: 1572872 - 1572872
    Inode bitmap: 1572888 - 1572888
    Inode Table: 1576992 - 1577503
    Data Blocks: 1835008 - 1867775
  Free Inodes: 8192 (100%)
  Free Blocks: 423 (1%)
  Total Directories: 0
  Stored Checksum: 0xA303

Group: 57:
  Block Group Flags: [INODE_UNINIT, INODE_ZEROED, ]
  Inode Range: 466945 - 475136
  Block Range: 1867776 - 1900543
  Layout:
    Data bitmap: 1572873 - 1572873
    Inode bitmap: 1572889 - 1572889
    Inode Table: 1577504 - 1578015
    Data Blocks: 1867776 - 1900543
  Free Inodes: 8192 (100%)
  Free Blocks: 23510 (71%)
  Total Directories: 0
  Stored Checksum: 0xF350

Group: 58:
  Block Group Flags: [INODE_UNINIT, INODE_ZEROED, ]
  Inode Range: 475137 - 483328
  Block Range: 1900544 - 1933311
  Layout:
    Data bitmap: 1572874 - 1572874
    Inode bitmap: 1572890 - 1572890
    Inode Table: 1578016 - 1578527
    Data Blocks: 1900544 - 1933311
  Free Inodes: 8192 (100%)
  Free Blocks: 10002 (30%)
  Total Directories: 0
  Stored Checksum: 0x6650

Group: 59:
  Block Group Flags: [INODE_UNINIT, INODE_ZEROED, ]
  Inode Range: 483329 - 491520
  Block Range: 1933312 - 1966079
  Layout:
    Data bitmap: 1572875 - 1572875
    Inode bitmap: 1572891 - 1572891
    Inode Table: 1578528 - 1579039
    Data Blocks: 1933312 - 1966079
  Free Inodes: 8192 (100%)
  Free Blocks: 30921 (94%)
  Total Directories: 0
  Stored Checksum: 0x76D9

Group: 60:
  Block Group Flags: [INODE_UNINIT, BLOCK_UNINIT, INODE_ZEROED, ]
  Inode Range: 491521 - 499712
  Block Range: 1966080 - 1998847
  Layout:
    Data bitmap: 1572876 - 1572876
    Inode bitmap: 1572892 - 1572892
    Inode Table: 1579040 - 1579551
    Data Blocks: 1966080 - 1998847
  Free Inodes: 8192 (100%)
  Free Blocks: 32768 (100%)
  Total Directories: 0
  Stored Checksum: 0x7A58

Group: 61:
  Block Group Flags: [INODE_UNINIT, BLOCK_UNINIT, INODE_ZEROED, ]
  Inode Range: 499713 - 507904
  Block Range: 1998848 - 2031615
  Layout:
    Data bitmap: 1572877 - 1572877
    Inode bitmap: 1572893 - 1572893
    Inode Table: 1579552 - 1580063
    Data Blocks: 1998848 - 2031615
  Free Inodes: 8192 (100%)
  Free Blocks: 32768 (100%)
  Total Directories: 0
  Stored Checksum: 0x6473

Group: 62:
  Block Group Flags: [INODE_UNINIT, BLOCK_UNINIT, INODE_ZEROED, ]
  Inode Range: 507905 - 516096
  Block Range: 2031616 - 2064383
  Layout:
    Data bitmap: 1572878 - 1572878
    Inode bitmap: 1572894 - 1572894
    Inode Table: 1580064 - 1580575
    Data Blocks: 2031616 - 2064383
  Free Inodes: 8192 (100%)
  Free Blocks: 32768 (100%)
  Total Directories: 0
  Stored Checksum: 0x30FF

Group: 63:
  Block Group Flags: [INODE_UNINIT, BLOCK_UNINIT, INODE_ZEROED, ]
  Inode Range: 516097 - 524288
  Block Range: 2064384 - 2097151
  Layout:
    Data bitmap: 1572879 - 1572879
    Inode bitmap: 1572895 - 1572895
    Inode Table: 1580576 - 1581087
    Data Blocks: 2064384 - 2097151
  Free Inodes: 8192 (100%)
  Free Blocks: 32768 (100%)
  Total Directories: 0
  Stored Checksum: 0x2ED4

Group: 64:
  Block Group Flags: [INODE_ZEROED, ]
  Inode Range: 524289 - 532480
  Block Range: 2097152 - 2129919
  Layout:
    Data bitmap: 2097152 - 2097152
    Inode bitmap: 2097164 - 2097164
    Inode Table: 2097176 - 2097687
    Uninit Data Bitmaps: 2097164 - 2097167
    Uninit Inode Bitmaps: 2097176 - 2097179
    Uninit Inode Table: 2103320 - 2105367
    Data Blocks: 2105376 - 2129919
  Free Inodes: 1 (0%)
  Free Blocks: 20658 (63%)
  Total Directories: 1500
  Stored Checksum: 0xE149

Group: 65:
  Block Group Flags: [INODE_ZEROED, ]
  Inode Range: 532481 - 540672
  Block Range: 2129920 - 2162687
  Layout:
    Data bitmap: 2097153 - 2097153
    Inode bitmap: 2097165 - 2097165
    Inode Table: 2097688 - 2098199
    Data Blocks: 2129920 - 2162687
  Free Inodes: 1 (0%)
  Free Blocks: 3939 (12%)
  Total Directories: 269
  Stored Checksum: 0x0F22

Group: 66:
  Block Group Flags: [INODE_ZEROED, ]
  Inode Range: 540673 - 548864
  Block Range: 2162688 - 2195455
  Layout:
    Data bitmap: 2097154 - 2097154
    Inode bitmap: 2097166 - 2097166
    Inode Table: 2098200 - 2098711
    Data Blocks: 2162688 - 2195455
  Free Inodes: 0 (0%)
  Free Blocks: 1717 (5%)
  Total Directories: 1366
  Stored Checksum: 0x41F0

Group: 67:
  Block Group Flags: [INODE_ZEROED, ]
  Inode Range: 548865 - 557056
  Block Range: 2195456 - 2228223
  Layout:
    Data bitmap: 2097155 - 2097155
    Inode bitmap: 2097167 - 2097167
    Inode Table: 2098712 - 2099223
    Data Blocks: 2195456 - 2228223
  Free Inodes: 2218 (27%)
  Free Blocks: 20398 (62%)
  Total Directories: 960
  Stored Checksum: 0xD224

Group: 68:
  Block Group Flags: [INODE_ZEROED, ]
  Inode Range: 557057 - 565248
  Block Range: 2228224 - 2260991
  Layout:
    Data bitmap: 2097156 - 2097156
    Inode bitmap: 2097168 - 2097168
    Inode Table: 2099224 - 2099735
    Data Blocks: 2228224 - 2260991
  Free Inodes: 6178 (75%)
  Free Blocks: 9997 (30%)
  Total Directories: 76
  Stored Checksum: 0xCEED

Group: 69:
  Block Group Flags: [INODE_ZEROED, ]
  Inode Range: 565249 - 573440
  Block Range: 2260992 - 2293759
  Layout:
    Data bitmap: 2097157 - 2097157
    Inode bitmap: 2097169 - 2097169
    Inode Table: 2099736 - 2100247
    Data Blocks: 2260992 - 2293759
  Free Inodes: 2226 (27%)
  Free Blocks: 29854 (91%)
  Total Directories: 399
  Stored Checksum: 0x0F7F

Group: 70:
  Block Group Flags: [INODE_ZEROED, ]
  Inode Range: 573441 - 581632
  Block Range: 2293760 - 2326527
  Layout:
    Data bitmap: 2097158 - 2097158
    Inode bitmap: 2097170 - 2097170
    Inode Table: 2100248 - 2100759
    Data Blocks: 2293760 - 2326527
  Free Inodes: 5611 (68%)
  Free Blocks: 32768 (100%)
  Total Directories: 415
  Stored Checksum: 0xB5A9

Group: 71:
  Block Group Flags: [INODE_ZEROED, ]
  Inode Range: 581633 - 589824
  Block Range: 2326528 - 2359295
  Layout:
    Data bitmap: 2097159 - 2097159
    Inode bitmap: 2097171 - 2097171
    Inode Table: 2100760 - 2101271
    Data Blocks: 2326528 - 2359295
  Free Inodes: 7988 (97%)
  Free Blocks: 32768 (100%)
  Total Directories: 204
  Stored Checksum: 0xFB08

Group: 72:
  Block Group Flags: [INODE_UNINIT, BLOCK_UNINIT, INODE_ZEROED, ]
  Inode Range: 589825 - 598016
  Block Range: 2359296 - 2392063
  Layout:
    Data bitmap: 2097160 - 2097160
    Inode bitmap: 2097172 - 2097172
    Inode Table: 2101272 - 2101783
    Data Blocks: 2359296 - 2392063
  Free Inodes: 8192 (100%)
  Free Blocks: 32768 (100%)
  Total Directories: 0
  Stored Checksum: 0x300B

Group: 73:
  Block Group Flags: [INODE_UNINIT, BLOCK_UNINIT, INODE_ZEROED, ]
  Inode Range: 598017 - 606208
  Block Range: 2392064 - 2424831
  Layout:
    Data bitmap: 2097161 - 2097161
    Inode bitmap: 2097173 - 2097173
    Inode Table: 2101784 - 2102295
    Data Blocks: 2392064 - 2424831
  Free Inodes: 8192 (100%)
  Free Blocks: 32768 (100%)
  Total Directories: 0
  Stored Checksum: 0x2E20

Group: 74:
  Block Group Flags: [INODE_UNINIT, BLOCK_UNINIT, INODE_ZEROED, ]
  Inode Range: 606209 - 614400
  Block Range: 2424832 - 2457599
  Layout:
    Data bitmap: 2097162 - 2097162
    Inode bitmap: 2097174 - 2097174
    Inode Table: 2102296 - 2102807
    Data Blocks: 2424832 - 2457599
  Free Inodes: 8192 (100%)
  Free Blocks: 32768 (100%)
  Total Directories: 0
  Stored Checksum: 0x7AAC

Group: 75:
  Block Group Flags: [INODE_UNINIT, INODE_ZEROED, ]
  Inode Range: 614401 - 622592
  Block Range: 2457600 - 2489599
  Layout:
    Data bitmap: 2097163 - 2097163
    Inode bitmap: 2097175 - 2097175
    Inode Table: 2102808 - 2103319
    Data Blocks: 2457600 - 2489599
  Free Inodes: 8192 (100%)
  Free Blocks: 32000 (100%)
  Total Directories: 0
  Stored Checksum: 0x842C
